<CompilationUnit test.ads:27:1-149:23>
test.ads(<IncompleteTypeDecl ["Person"] test.ads:73:4-73:20>) - 73:1-73:20
^
   type Person (<>);$

