Projects with global preprocessor symbols are not supported. Please use the -gnatep switch with a proprocessor data file.
