--!format off
procedure Test is
   A :
   constant B
   := C;
   --!format on
begin
   null;
end Test;

