<CompilationUnit test.ads:18:1-31:24>
test.ads(<NumberDecl ["Two_Pi"] test.ads:23:4-23:52>) - 23:1-23:52
^
   Two_Pi : constant := 2.0 * Ada.Numerics.Pi;$

