Failed to resolve test_dep.adb
--  test.adb
with Test_Dep;

procedure Main is
begin
   null;
end Main;
