<CompilationUnit test.adb:26:1-77:31>
test.adb(<TaskBody ["T"] test.adb:63:4-70:10>) - 63:1-70:10
^
   task body T is
   begin
      Put_Line ("Task T will delay for 4 seconds...");
      delay 4.0;
      Put_Line ("Task T will set Obj...");
      Obj.Set (5);
      Put_Line ("Task T has just set Obj...");
   end T;$

