procedure Test is
   A : Integer := 1;
begin
   null;
end Test;

