<CompilationUnit main.adb:1:1-10:10>
main.adb(<SubpBody ["main"] main.adb:1:1-10:10>) - 1:1-10:10
^
procedure main
is
begin

   declare
      A : Integer;
   begin
      null;
   end;

end main;$

