test.ads(<SingleTaskDecl ["Controller"] test.ads:129:4-131:19>) - 129:1-131:19
^
   task Controller is
      entry Request (Level)(D : Item);  --  a family of entries
   end Controller;$

