test.ads(<SingleTaskDecl ["User"] test.ads:138:4-138:14>) - 138:1-138:14
^
   task User;$

