--  test.adb
with Test_Dep;

procedure Test is
begin
   null;
end Test;

--  test_dep.ads
package Test_Dep is
   Indicator_Nice : constant array (Indicator_Range) of Wide_Wide_Character :=
     ('◴', '◷', '◶', '◵');
end Test_Dep;

