<CompilationUnit test.ads:27:1-37:37>
test.ads(<ConcreteTypeDecl ["T"] test.ads:31:4-31:33>) - 31:1-31:33
^
   type T is tagged null record;$

