<CompilationUnit test.ads:27:1-149:23>
test.ads(<IncompleteTaggedTypeDecl ["Car"] test.ads:74:4-74:23>) - 74:1-74:23
^
   type Car is tagged;$

