<CompilationUnit main.adb:1:1-11:10>
main.adb(<ObjectDecl ["Me"] main.adb:3:1-3:155>) - 3:1-3:155
^
   Me : constant Trace_Handle :=
     Create
       ("Hello",
       Unit_Name => FooBar_1,
       Default => FooBar_2,
       Stream => FooBar_3,
       Factory => FooBar_4,
       Finalize => FooBar_5);$

