<CompilationUnit test.ads:26:1-87:25>
test.ads(<ObjectDecl ["Max"] test.ads:57:4-57:55>) - 57:1-57:55
^
   Max : not null Person_Name := new Person (Sex => M);$

