<CompilationUnit test.ads:19:1-25:27>
test.ads(<ExceptionDecl ["Singular"] test.ads:21:1-21:22>) - 21:1-21:22
^
   Singular : exception;$

