--  test.adb
with Test_Dep;

procedure Test is
	A : Integer;
begin
	null;
end Test;

--  test_dep.ads
package Test_Dep is
   A : constant Integer := 1;
end Test_Dep;

