test.adb(<StmtList test.adb:6:1-6:22>) - 6:1-6:22
^
   A := true;
   B := false;$

