main.adb(<IfStmt main.adb:5:11-11:17>) - 5:1-11:17
^
      if Item.kind = Snippet then
         declare
            X : Integer;
         begin
            null;
         end;
      end if;$

